
> permit-ai@1.0.0 build
> next build

▲ Next.js 16.3.1 (Turbopack)
✓ Running next.config.mjs took 9ms

  Creating an optimized production build ...
✓ Compiled successfully in 3.9s
  Running TypeScript ...
  Finished TypeScript in 1747ms ...
  Collecting page data using 7 workers ...
  Generating static pages using 7 workers (0/11) ...
  Generating static pages using 7 workers (2/11) 
  Generating static pages using 7 workers (5/11) 
  Generating static pages using 7 workers (8/11) 
✓ Generating static pages using 7 workers (11/11) in 188ms
  Finalizing page optimization ...

Route (app)
┌ ○ /
├ ○ /_not-found
├ ƒ /api/analyze
├ ƒ /api/audit
├ ƒ /api/chat
├ ƒ /api/meta
├ ƒ /api/reason
├ ƒ /api/regulations
├ ƒ /api/report
└ ƒ /api/session


○  (Static)   prerendered as static content
ƒ  (Dynamic)  server-rendered on demand

